I'm sorry, but errors were detected in your script. Please correct the
errors listed below, and try again.


File "game/script.rpy", line 77: end of line expected.
    text "Lespere" style p_hollis 
                   ^

Ren'Py Version: Ren'Py 8.0.3.22090809
Thu Mar  2 13:20:21 2023
